// Jest Snapshot v1, https://goo.gl/fbAQLP

exports[`withConfig High Order Component when the current network is not in the list of required networks should show a message indicating that the network needs to be changed 1`] = `
.c2 {
  background-color: var(--brand);
  height: 56px;
  width: 56px;
  border-radius: 50%;
}

.c2 > svg {
  fill: white;
}

.c8 {
  background-color: var(--grey);
  cursor: pointer;
  border-radius: 50%;
  height: 24px;
  width: 24px;
  display: grid;
  padding: 0;
  border: 0;
}

.c8 > svg {
  fill: white;
  height: 24px;
  width: 24px;
}

.c8:hover {
  background-color: var(--link);
}

.c8:hover > svg {
  fill: white;
}

.c11 {
  background-color: var(--grey);
  cursor: pointer;
  border-radius: 50%;
  height: 48px;
  width: 48px;
  display: grid;
  padding: 0;
  border: 0;
}

.c11 > svg {
  fill: white;
  height: 48px;
  width: 48px;
}

.c11:hover {
  background-color: var(--link);
}

.c11:hover > svg {
  fill: white;
}

.c9 {
  display: none;
  position: relative;
  z-index: 1000;
  white-space: nowrap;
  font-family: 'IBM Plex Sans','Helvetica Neue',Arial,sans-serif;
  font-weight: 400;
  font-size: 12px;
  top: 12px;
  left: 50%;
  -webkit-transform: translateX(-50%);
  -ms-transform: translateX(-50%);
  transform: translateX(-50%);
}

.c7:hover .c9 {
  display: grid;
}

.c4 {
  display: grid;
  grid-gap: 16px;
  grid-template-columns: 1fr repeat(3,24px);
  grid-auto-flow: column;
  -webkit-align-items: center;
  -webkit-box-align: center;
  -ms-flex-align: center;
  align-items: center;
  height: 70px;
}

.c5 {
  color: var(--grey);
}

.c6 {
  display: grid;
  grid-gap: 16px;
  grid-template-columns: 1fr repeat(3,24px);
  grid-auto-flow: column;
  -webkit-align-items: center;
  -webkit-box-align: center;
  -ms-flex-align: center;
  align-items: center;
  height: 100%;
}

.c10 {
  display: none;
  height: 100%;
}

.c10 .c7 {
  background-color: var(--white);
  -webkit-transition: all 500ms cubic-bezier(0.165,0.84,0.44,1);
  transition: all 500ms cubic-bezier(0.165,0.84,0.44,1);
  opacity: 1;
  pointer-events: visible;
  -webkit-align-self: center;
  -ms-flex-item-align: center;
  align-self: center;
}

.c10 .c7:nth-child(1) {
  grid-row: 0;
  pointer-events: none;
}

.c10 .c7:nth-child(2) {
  grid-row: 1;
  pointer-events: none;
  display: none;
}

.c10 .c7 > svg {
  fill: var(--grey);
}

.c10 .c7:hover > svg {
  fill: var(--grey);
}

.c12 {
  background-color: var(--white);
  position: absolute;
  left: 0;
  top: 70px;
  width: 100%;
  height: auto;
  z-index: var(--foreground);
  padding-bottom: 30px;
  display: none;
  grid-template-columns: 92px 92px 92px;
  grid-gap: 0px;
  -webkit-align-items: center;
  -webkit-box-align: center;
  -ms-flex-align: center;
  align-items: center;
  -webkit-box-pack: center;
  -webkit-justify-content: center;
  -ms-flex-pack: center;
  justify-content: center;
  -webkit-transition: all 500ms cubic-bezier(0.165,0.84,0.44,1);
  transition: all 500ms cubic-bezier(0.165,0.84,0.44,1);
  opacity: 0;
  pointer-events: none;
  top: 50px;
}

.c12 .c7 {
  margin: 24px;
}

.c12 .c7 small {
  display: block;
  color: var(--grey);
  text-align: center;
  top: 5px;
  width: 100%;
  text-align: center;
}

.c0 {
  display: grid;
  grid-template-columns: 1fr minmax(280px,4fr) 1fr;
}

.c1 {
  display: grid;
  -webkit-align-items: start;
  -webkit-box-align: start;
  -ms-flex-align: start;
  align-items: start;
  height: 24px;
}

.c3 {
  color: var(--darkgrey);
  display: grid;
  row-gap: 24px;
}

.c13 {
  display: grid;
  row-gap: 16px;
  -webkit-column-gap: 32px;
  column-gap: 32px;
  border: solid 1px var(--lightgrey);
  grid-template-columns: 72px;
  grid-auto-flow: column;
  border-radius: 4px;
  -webkit-align-items: center;
  -webkit-box-align: center;
  -ms-flex-align: center;
  align-items: center;
  padding: 32px;
  padding-bottom: 40px;
}

.c14 {
  width: 72px;
}

.c15 {
  display: grid;
  grid-gap: 16px;
}

.c15 > h1 {
  font-weight: bold;
  color: var(--red);
  margin: 0px;
  padding: 0px;
}

.c15 > p {
  margin: 0px;
  padding: 0px;
  font-size: 16px;
  color: var(--dimgrey);
}

@media only screen and (min-device-width:300px) and (max-device-width:736px) {
  .c4 {
    grid-template-columns: 1fr 48px;
    height: 35px;
  }
}

@media (max-width:600px) {
  .c6 {
    display: none;
  }
}

@media (max-width:600px) {
  .c10 {
    display: grid;
  }
}

@media (max-width:600px) {
  .c12 {
    display: grid;
  }
}

@media only screen and (min-device-width:300px) and (max-device-width:736px) {
  .c1 {
    display: none;
  }
}

@media only screen and (min-device-width:300px) and (max-device-width:736px) {
  .c16 {
    display: none;
  }
}

@media (max-width:500px) {
  .c13 {
    grid-template-columns: 1fr;
    grid-auto-flow: row;
    padding: 16px;
  }
}

<div
  className="c0"
>
  <div
    className="c1"
  >
    <a
      href="/"
      onClick={[Function]}
    >
      <div
        className="c2"
        size="56px"
      >
        <svg
          viewBox="0 0 56 56"
        >
          <title />
          <path
            d="M42.315 22.461h-1.862v-6.92h-6.919v6.92H22.48v-6.92h-6.918v6.92h-1.877v3.288h1.877v5.18c0 6.481 5.606 11.77 12.485 11.77 6.84 0 12.406-5.289 12.406-11.77v-5.18h1.862zm-8.78 8.468a5.515 5.515 0 0 1-5.488 5.567 5.583 5.583 0 0 1-5.567-5.567v-5.18h11.054z"
          />
        </svg>
      </div>
    </a>
  </div>
  <div
    className="c3"
  >
    <header
      className="c4"
    >
      <h1
        className="c5"
      >
        
      </h1>
      <div
        className="c6"
      >
        <a
          className="c7 c8"
          href="/about"
          onClick={[Function]}
        >
          <svg
            viewBox="0 0 24 24"
          >
            <title>
              About
            </title>
            <path
              clipRule="evenodd"
              d="M12 8.4A1.2 1.2 0 1 0 12 6a1.2 1.2 0 0 0 0 2.4zm0 9.6a1 1 0 0 0 1-1v-6a1 1 0 1 0-2 0v6a1 1 0 0 0 1 1z"
              fillRule="evenodd"
            />
          </svg>
          <small
            className="c9"
          >
            About
          </small>
        </a>
        <a
          className="c7 c8"
          href="/jobs"
          onClick={[Function]}
        >
          <svg
            name="Jobs"
            viewBox="0 0 24 24"
          >
            <title />
            <path
              clipRule="evenodd"
              d="M13 5h-2a2 2 0 0 0-2 2H7a2 2 0 0 0-2 2v1h14V9a2 2 0 0 0-2-2h-2a2 2 0 0 0-2-2zm1 2a1 1 0 0 0-1-1h-2a1 1 0 0 0-1 1h4zm-9 4h14v4a2 2 0 0 1-2 2H7a2 2 0 0 1-2-2v-4z"
              fillRule="evenodd"
            />
          </svg>
          <small
            className="c9"
          >
            Join us
          </small>
        </a>
        <a
          className="c7 c8"
          href="https://github.com/unlock-protocol/unlock"
          onClick={[Function]}
        >
          <svg
            name="Github"
            viewBox="0 0 24 24"
          >
            <title />
            <path
              d="M9.021 21.829c.007 1.065.017 2.171.017 2.171h6.136c0-.419.016-1.795.016-3.502 0-1.191-.397-1.97-.84-2.364 2.756-.316 5.65-1.396 5.65-6.3 0-1.394-.479-2.533-1.272-3.426.127-.323.552-1.62-.123-3.378 0 0-1.038-.344-3.4 1.308a11.554 11.554 0 0 0-3.099-.43c-1.053.006-2.11.147-3.098.43C6.644 4.686 5.604 5.03 5.604 5.03c-.673 1.757-.248 3.055-.12 3.378-.793.893-1.275 2.032-1.275 3.426 0 4.892 2.89 5.987 5.638 6.31-.354.319-.674.881-.786 1.706-.706.327-2.498.89-3.602-1.06 0 0-.654-1.226-1.896-1.316 0 0-1.209-.016-.085.776 0 0 .812.393 1.374 1.867 0 0 .726 2.483 4.17 1.712z"
            />
          </svg>
          <small
            className="c9"
          >
            Source Code
          </small>
        </a>
      </div>
      <div
        className="c10"
        onClick={[Function]}
      >
        <a
          className="c7 c11"
          href={null}
          onClick={[Function]}
          size="48px"
        >
          <svg
            viewBox="0 0 56 42"
          >
            <title>
              Bars
            </title>
            <path
              d="M0 6h56V0H0v6zm0 18h56v-6H0v6zm0 18h56v-6H0v6z"
            />
          </svg>
          
        </a>
        <a
          className="c7 c11"
          href={null}
          onClick={[Function]}
          size="48px"
        >
          <svg
            viewBox="0 0 58 32"
          >
            <title>
              Chevron Up
            </title>
            <path
              d="M3 29L29 5l26 24"
            />
          </svg>
          
        </a>
      </div>
      <div
        className="c12"
      >
        <a
          className="c7 c11"
          href="/about"
          onClick={[Function]}
          size="48px"
        >
          <svg
            viewBox="0 0 24 24"
          >
            <title>
              About
            </title>
            <path
              clipRule="evenodd"
              d="M12 8.4A1.2 1.2 0 1 0 12 6a1.2 1.2 0 0 0 0 2.4zm0 9.6a1 1 0 0 0 1-1v-6a1 1 0 1 0-2 0v6a1 1 0 0 0 1 1z"
              fillRule="evenodd"
            />
          </svg>
          <small
            className="c9"
          >
            About
          </small>
        </a>
        <a
          className="c7 c11"
          href="/jobs"
          onClick={[Function]}
          size="48px"
        >
          <svg
            name="Jobs"
            viewBox="0 0 24 24"
          >
            <title />
            <path
              clipRule="evenodd"
              d="M13 5h-2a2 2 0 0 0-2 2H7a2 2 0 0 0-2 2v1h14V9a2 2 0 0 0-2-2h-2a2 2 0 0 0-2-2zm1 2a1 1 0 0 0-1-1h-2a1 1 0 0 0-1 1h4zm-9 4h14v4a2 2 0 0 1-2 2H7a2 2 0 0 1-2-2v-4z"
              fillRule="evenodd"
            />
          </svg>
          <small
            className="c9"
          >
            Join us
          </small>
        </a>
        <a
          className="c7 c11"
          href="https://github.com/unlock-protocol/unlock"
          onClick={[Function]}
          size="48px"
        >
          <svg
            name="Github"
            viewBox="0 0 24 24"
          >
            <title />
            <path
              d="M9.021 21.829c.007 1.065.017 2.171.017 2.171h6.136c0-.419.016-1.795.016-3.502 0-1.191-.397-1.97-.84-2.364 2.756-.316 5.65-1.396 5.65-6.3 0-1.394-.479-2.533-1.272-3.426.127-.323.552-1.62-.123-3.378 0 0-1.038-.344-3.4 1.308a11.554 11.554 0 0 0-3.099-.43c-1.053.006-2.11.147-3.098.43C6.644 4.686 5.604 5.03 5.604 5.03c-.673 1.757-.248 3.055-.12 3.378-.793.893-1.275 2.032-1.275 3.426 0 4.892 2.89 5.987 5.638 6.31-.354.319-.674.881-.786 1.706-.706.327-2.498.89-3.602-1.06 0 0-.654-1.226-1.896-1.316 0 0-1.209-.016-.085.776 0 0 .812.393 1.374 1.867 0 0 .726 2.483 4.17 1.712z"
            />
          </svg>
          <small
            className="c9"
          >
            Source Code
          </small>
        </a>
      </div>
    </header>
    <section
      className="c13"
    >
      <img
        className="c14"
        src="/static/images/illustrations/wallet.svg"
      />
      <div
        className="c15"
      >
        <h1>
          Wallet missing
        </h1>
        <p>
          It looks like you’re using an incompatible browser or are missig a crypto wallet. If you’re using Chrome or Firefox you can install
           
          <a
            href="https://metamask.io/"
          >
            Metamask
          </a>
          .
        </p>
      </div>
    </section>
  </div>
  <div
    className="c16"
  />
</div>
`;
